<?xml version="1.0" encoding="UTF-8"?>
<testsuites name="Test Suite" tests="5" failures="0" errors="0" time="1.687">
  <testsuite name="UpdateOrderStatusService" errors="0" failures="0" skipped="0" timestamp="2024-04-23T01:16:42" time="0.743" tests="1">
    <testcase classname="UpdateOrderStatusService should update an order status" name="UpdateOrderStatusService should update an order status" time="0.003">
    </testcase>
  </testsuite>
  <testsuite name="CreateOrderService" errors="0" failures="0" skipped="0" timestamp="2024-04-23T01:16:43" time="0.274" tests="1">
    <testcase classname="CreateOrderService should create an order" name="CreateOrderService should create an order" time="0.003">
    </testcase>
  </testsuite>
  <testsuite name="GetAllUnfinishedOrdersService" errors="0" failures="0" skipped="0" timestamp="2024-04-23T01:16:43" time="0.171" tests="1">
    <testcase classname="GetAllUnfinishedOrdersService should get all unfinished orders" name="GetAllUnfinishedOrdersService should get all unfinished orders" time="0.002">
    </testcase>
  </testsuite>
  <testsuite name="GetOrderByIdService" errors="0" failures="0" skipped="0" timestamp="2024-04-23T01:16:43" time="0.161" tests="1">
    <testcase classname="GetOrderByIdService should get an order by id" name="GetOrderByIdService should get an order by id" time="0.002">
    </testcase>
  </testsuite>
  <testsuite name="GetOrderByStatusService" errors="0" failures="0" skipped="0" timestamp="2024-04-23T01:16:44" time="0.17" tests="1">
    <testcase classname="GetOrderByStatusService should get an order by status" name="GetOrderByStatusService should get an order by status" time="0.003">
    </testcase>
  </testsuite>
</testsuites>